VBCSCompilerPreWarmer: pre-warm launched (dotnet PID 4932)
VBCSCompiler prewarm took 15.22 ms
[Licensing::Module] Trying to connect to existing licensing client channel...
Built from '6000.6/staging' branch; Version is '6000.6.2f1 (770e33f6875c) revision 7802419'; Using compiler version '194234433'; Build Type 'Release'
[Licensing::IpcConnector] Successfully connected to: "LicenseClient-Brewh" at "2026-10-05T19:19:56.8132434Z"
OS: 'Windows 11  (10.0.26200) Core' Language: 'en' Physical Memory: 31955 MB
BatchMode: 0, IsHumanControllingUs: 1, StartBugReporterOnCrash: 1, Is64bit: 1
System  architecture: x64
Process architecture: x64
Date: 2026-10-05T19:19:56Z
[Licensing::Client] Code 10 while verifying Licensing Client signature (process Id: 25864, path: "C:/Program Files/Unity Hub/UnityLicensingClient_V1/Unity.Licensing.Client.exe")
[Licensing::Module] LicensingClient has failed validation; ignoring
[Licensing::Client] Handshaking with LicensingClient:
  Version:                 1.18.3+d7ffd15
  Session Id:              3e498348f73542c390bdd38eed4ade5c
  Correlation Id:          e2e88b955673e96c25e7c24a9a1bafa5
  External correlation Id: 2399590049952742070
  Machine Id:              iArUT8LION6oTAWCwbLnDAn3IuI=
[Licensing::Module] Successfully connected to LicensingClient on channel: "LicenseClient-Brewh" (connect: 0.00s, validation: 0.00s, handshake: 0.06s)
[Licensing::IpcConnector] Successfully connected to: "LicenseClient-Brewh-notifications" at "2026-10-05T19:19:56.872198Z"
[Licensing::Client] Successfully updated the access token
[Licensing::Module] Successfully updated the access token AddApjQSZr...
[Licensing::Client] Successfully resolved entitlement details
[Licensing::Module] License group:
  Id: 3573615010032-UnityPersXXXX
  Product: Unity Personal
  Type: Assigned
  Expiration: Unlimited
[Licensing::Client] Successfully updated license, isAsync: True, time: 0.00
[Licensing::Client] Successfully resolved entitlement details
[Licensing::Module] Licensing Background thread has ended after 0.07s

COMMAND LINE ARGUMENTS:
C:\Program Files\Unity\Hub\Editor\6000.6.2f1\Editor\Unity.exe
-projectpath
C:\Users\Brewh\source\repos\DesignWeek-2026-Fall-Team18
-acceptSoftwareTermsForThisRunOnly
-useHub
-hubIPC
-cloudEnvironment
production
-licensingIpc
LicenseClient-Brewh
-hubSessionId
95167d89-c5e5-4eb4-b593-217c3e59db7b
-accessToken
AddApjQSZr3zlIfD-8J4rkzweDEzpZcLTWanOfuKFbQ003f
Successfully changed project path to: C:\Users\Brewh\source\repos\DesignWeek-2026-Fall-Team18
C:/Users/Brewh/source/repos/DesignWeek-2026-Fall-Team18
[UnityMemory] Configuration Parameters - Can be set up in boot.config
    "memorysetup-temp-allocator-size-gi-baking-worker=262144"
    "memorysetup-temp-allocator-size-gi-baking-worker=262144"
    "memorysetup-temp-allocator-size-gi-baking-worker=262144"
    "memorysetup-temp-allocator-size-gi-baking-worker=262144"
    "memorysetup-temp-allocator-size-gi-baking-worker=262144"
    "memorysetup-temp-allocator-size-nav-mesh-worker=65536"
    "memorysetup-temp-allocator-size-audio-worker=65536"
    "memorysetup-temp-allocator-size-cloud-worker=32768"
    "memorysetup-temp-allocator-size-gfx=262144"
    "memorysetup-remapper-allocator-initial-capacity=32768"
    "memorysetup-temp-allocator-size-preload-manager=33554432"
    "memorysetup-allocator-temp-initial-block-size-main=262144"
    "memorysetup-allocator-temp-initial-block-size-worker=262144"
    "memorysetup-temp-allocator-size-job-worker=262144"
    "memorysetup-temp-allocator-size-background-worker=32768"
    "memorysetup-bucket-allocator-granularity=16"
    "memorysetup-bucket-allocator-bucket-count=8"
    "memorysetup-bucket-allocator-block-size=33554432"
    "memorysetup-bucket-allocator-block-count=8"
    "memorysetup-main-allocator-block-size=16777216"
    "memorysetup-thread-allocator-block-size=16777216"
    "memorysetup-main-allocator-mimalloc-enabled=1"
    "memorysetup-gfx-main-allocator-block-size=16777216"
    "memorysetup-gfx-thread-allocator-block-size=16777216"
    "memorysetup-cache-allocator-block-size=4194304"
    "memorysetup-typetree-allocator-block-size=2097152"
    "memorysetup-profiler-bucket-allocator-granularity=16"
    "memorysetup-profiler-bucket-allocator-bucket-count=8"
    "memorysetup-profiler-bucket-allocator-block-size=33554432"
    "memorysetup-profiler-bucket-allocator-block-count=8"
    "memorysetup-profiler-allocator-block-size=16777216"
    "memorysetup-profiler-editor-allocator-block-size=1048576"
    "memorysetup-temp-allocator-size-main=16777216"
    "memorysetup-job-temp-allocator-block-size=2097152"
    "memorysetup-job-temp-allocator-block-size-background=1048576"
    "memorysetup-job-temp-allocator-reduction-small-platforms=262144"
Player connection [43664]  Target information:

Player connection [43664]  * "[IP] 10.128.84.163 [Port] 55504 [Flags] 2 [Guid] 2346882465 [EditorId] 2346882465 [Version] 1048832 [Id] WindowsEditor(7,MSI) [Debug] 1 [PackageName] WindowsEditor [ProjectName] Editor" 

Player connection [43664] Host joined multi-casting on [225.0.0.222:54997]...
Player connection [43664] Host joined alternative multi-casting on [225.0.0.222:34997]...
Input System module state changed to: Initialized.
[Physics::Module] Initialized fallback backend.
[Physics::Module] Id: 0xdecafbad
[Package Manager] Connected to IPC stream "Upm-51976" after 0.5 seconds.
[Licensing::Client] Successfully resolved entitlement details
Library Redirect Path: Library/
Initialising UDS system complete:
  - System type: Client
  - Resource namespace: 0d69e676acc90626887dee3810ddacfd
  - Shared memory size: 1073741824
  - Command buffer id: 1052576
  - Command buffer size: 8192
  - Hashmap size: 4194304
  - Service connected: false
Launching Unity Data Store - C:/Program Files/Unity/Hub/Editor/6000.6.2f1/Editor/Data/Tools/Unity.DataStore.exe 
Unity Data Store artifact dir = Library/DataStore, working dir = C:/Users/Brewh/source/repos/DesignWeek-2026-Fall-Team18[Physics::Module] Selected backend.
[Physics::Module] Name: PhysX
[Physics::Module] Id: 0xf2b8ea05
[Physics::Module] SDK Version: 4.1.2
[Physics::Module] Integration Version: 1.0.0
[Physics::Module] Threading Mode: Multi-Threaded
Unity Data Store running and initialised
Initialize engine version: 6000.6.2f1 (770e33f6875c)
[EntityIdStore] init: VM path (explicit commit), pageSize=4096, blockCount=1048576, entitiesPerBlock=256, slots reserved=4294967296 bytes
[Subsystems] Discovering subsystems at path C:/Program Files/Unity/Hub/Editor/6000.6.2f1/Editor/Data/Resources/UnitySubsystems
[Subsystems] Discovering subsystems at path C:/Users/Brewh/source/repos/DesignWeek-2026-Fall-Team18/Assets
[D3D12 Device Filter] Vendor Name: NVIDIA
[D3D12 Device Filter] Device Name: NVIDIA GeForce RTX 4050 Laptop GPU
[D3D12 Device Filter] Driver Version: 32.0.15.6614
[D3D12 Device Filter] Feature Level: 12.2
[D3D12 Device Filter] Graphics Memory: 5921 MB
[D3D12 Device Filter] Processor Count: 16
[D3D12 Device Filter] Device Type: Discrete
GfxDevice: creating device client; kGfxThreadingModeSplitJobs
d3d12: failed to query info queue interface (0x80004002).
Direct3D:
    Version:         Direct3D 12 [level 12.2]
    Renderer:        NVIDIA GeForce RTX 4050 Laptop GPU (ID=0x28a1)
    Vendor:          NVIDIA
    VRAM:            5921 MB
    App VRAM Budget: 5153 MB
    Driver:          32.0.15.6614
Initialize mono
Mono path[0] = 'C:/Program Files/Unity/Hub/Editor/6000.6.2f1/Editor/Data/Managed'
Mono path[1] = 'C:/Program Files/Unity/Hub/Editor/6000.6.2f1/Editor/Data/BCLExtensions/runtime/netstandard2.1'
Mono path[2] = 'C:/Program Files/Unity/Hub/Editor/6000.6.2f1/Editor/Data/MonoBleedingEdge/lib/mono/unityjit-win32'
Mono config path = 'C:/Program Files/Unity/Hub/Editor/6000.6.2f1/Editor/Data/MonoBleedingEdge/etc'
Using monoOptions --debugger-agent=transport=dt_socket,embedding=1,server=y,suspend=n,address=127.0.0.1:56976
CodeReloadManager initialized
ImportWorker Server TCP listen port: 0
AcceleratorClientConnectionCallback - disconnected - :0
Begin MonoManager ReloadAssembly
Registering precompiled unity dll's ...
Register platform support module: C:/Program Files/Unity/Hub/Editor/6000.6.2f1/Editor/Data/PlaybackEngines/WebGLSupport/UnityEditor.WebGL.Extensions.dll
Register platform support module: C:/Program Files/Unity/Hub/Editor/6000.6.2f1/Editor/Data/PlaybackEngines/WindowsStandaloneSupport/UnityEditor.WindowsStandalone.Extensions.dll
Registered in 0.002972 seconds.
Native extension for WindowsStandalone target not found
Native extension for WebGL target not found
Package Manager log level set to [2]
ScheduleIndexationOnStartup MainProcess:False IndexOnStartup:True
Scripting: successfully reloaded assembly
- Finished resetting the current domain, in  1.396 seconds
Domain Reload Profiling: 2399ms
	BeginReloadAssembly (249ms)
		CreateAndSetChildDomain (11ms)
	RebuildCommonClasses (9ms)
	RebuildNativeTypeToScriptingClass (29ms)
	initialDomainReloadingComplete (124ms)
	LoadAllAssembliesAndSetupDomain (590ms)
		LoadAssemblies (233ms)
		TypeCache.Refresh (388ms)
			TypeCache.ScanAssembly (366ms)
		AnalyzeDomain (1ms)
	FinalizeReload (1399ms)
		SetupLoadedEditorAssemblies (0ms)
			LogAssemblyErrors (3ms)
			InitializePlatformSupportModulesInManaged (7ms)
			BeforeProcessingInitializeOnLoad (208ms)
			ProcessInitializeOnLoadAttributes (238ms)
			ProcessInitializeOnLoadMethodAttributes (527ms)
[Licensing::Client] Successfully resolved entitlement details
Application.AssetDatabase Initial Refresh Start
[Package Manager] Restoring resolved packages state from cache
[Licensing::Client] Successfully resolved entitlement details
[Package Manager] Registered 42 packages:
  Packages from [https://packages.unity.com]:
    com.unity.ide.rider@3.0.38 (location: C:\Users\Brewh\source\repos\DesignWeek-2026-Fall-Team18\Library\PackageCache\com.unity.ide.rider@1f60b3138684)
    com.unity.ide.visualstudio@2.0.26 (location: C:\Users\Brewh\source\repos\DesignWeek-2026-Fall-Team18\Library\PackageCache\com.unity.ide.visualstudio@a99d56dec63f)
  Built-in packages:
    com.unity.modules.accessibility@1.0.0 (location: C:\Users\Brewh\source\repos\DesignWeek-2026-Fall-Team18\Library\PackageCache\com.unity.modules.accessibility)
    com.unity.modules.adaptiveperformance@1.0.0 (location: C:\Users\Brewh\source\repos\DesignWeek-2026-Fall-Team18\Library\PackageCache\com.unity.modules.adaptiveperformance)
    com.unity.modules.ai@1.0.0 (location: C:\Users\Brewh\source\repos\DesignWeek-2026-Fall-Team18\Library\PackageCache\com.unity.modules.ai)
    com.unity.modules.androidjni@1.0.0 (location: C:\Users\Brewh\source\repos\DesignWeek-2026-Fall-Team18\Library\PackageCache\com.unity.modules.androidjni)
    com.unity.modules.animation@1.0.0 (location: C:\Users\Brewh\source\repos\DesignWeek-2026-Fall-Team18\Library\PackageCache\com.unity.modules.animation)
    com.unity.modules.assetbundle@1.0.0 (location: C:\Users\Brewh\source\repos\DesignWeek-2026-Fall-Team18\Library\PackageCache\com.unity.modules.assetbundle)
    com.unity.modules.audio@1.0.0 (location: C:\Users\Brewh\source\repos\DesignWeek-2026-Fall-Team18\Library\PackageCache\com.unity.modules.audio)
    com.unity.modules.cloth@1.0.0 (location: C:\Users\Brewh\source\repos\DesignWeek-2026-Fall-Team18\Library\PackageCache\com.unity.modules.cloth)
    com.unity.modules.director@1.0.0 (location: C:\Users\Brewh\source\repos\DesignWeek-2026-Fall-Team18\Library\PackageCache\com.unity.modules.director)
    com.unity.modules.imageconversion@1.0.0 (location: C:\Users\Brewh\source\repos\DesignWeek-2026-Fall-Team18\Library\PackageCache\com.unity.modules.imageconversion)
    com.unity.modules.imgui@1.0.0 (location: C:\Users\Brewh\source\repos\DesignWeek-2026-Fall-Team18\Library\PackageCache\com.unity.modules.imgui)
    com.unity.modules.jsonserialize@1.0.0 (location: C:\Users\Brewh\source\repos\DesignWeek-2026-Fall-Team18\Library\PackageCache\com.unity.modules.jsonserialize)
    com.unity.modules.particlesystem@1.0.0 (location: C:\Users\Brewh\source\repos\DesignWeek-2026-Fall-Team18\Library\PackageCache\com.unity.modules.particlesystem)
    com.unity.modules.physics@1.0.0 (location: C:\Users\Brewh\source\repos\DesignWeek-2026-Fall-Team18\Library\PackageCache\com.unity.modules.physics)
    com.unity.modules.physics2d@1.0.0 (location: C:\Users\Brewh\source\repos\DesignWeek-2026-Fall-Team18\Library\PackageCache\com.unity.modules.physics2d)
    com.unity.modules.physicscore2d@1.0.0 (location: C:\Users\Brewh\source\repos\DesignWeek-2026-Fall-Team18\Library\PackageCache\com.unity.modules.physicscore2d)
    com.unity.modules.screencapture@1.0.0 (location: C:\Users\Brewh\source\repos\DesignWeek-2026-Fall-Team18\Library\PackageCache\com.unity.modules.screencapture)
    com.unity.modules.terrain@1.0.0 (location: C:\Users\Brewh\source\repos\DesignWeek-2026-Fall-Team18\Library\PackageCache\com.unity.modules.terrain)
    com.unity.modules.terrainphysics@1.0.0 (location: C:\Users\Brewh\source\repos\DesignWeek-2026-Fall-Team18\Library\PackageCache\com.unity.modules.terrainphysics)
    com.unity.modules.tetgen@1.0.0 (location: C:\Users\Brewh\source\repos\DesignWeek-2026-Fall-Team18\Library\PackageCache\com.unity.modules.tetgen)
    com.unity.modules.tilemap@1.0.0 (location: C:\Users\Brewh\source\repos\DesignWeek-2026-Fall-Team18\Library\PackageCache\com.unity.modules.tilemap)
    com.unity.modules.timelinefoundation@1.0.0 (location: C:\Users\Brewh\source\repos\DesignWeek-2026-Fall-Team18\Library\PackageCache\com.unity.modules.timelinefoundation)
    com.unity.modules.ui@1.0.0 (location: C:\Users\Brewh\source\repos\DesignWeek-2026-Fall-Team18\Library\PackageCache\com.unity.modules.ui)
    com.unity.modules.uielements@1.0.0 (location: C:\Users\Brewh\source\repos\DesignWeek-2026-Fall-Team18\Library\PackageCache\com.unity.modules.uielements)
    com.unity.modules.umbra@1.0.0 (location: C:\Users\Brewh\source\repos\DesignWeek-2026-Fall-Team18\Library\PackageCache\com.unity.modules.umbra)
    com.unity.modules.unityanalytics@1.0.0 (location: C:\Users\Brewh\source\repos\DesignWeek-2026-Fall-Team18\Library\PackageCache\com.unity.modules.unityanalytics)
    com.unity.modules.unitywebrequest@1.0.0 (location: C:\Users\Brewh\source\repos\DesignWeek-2026-Fall-Team18\Library\PackageCache\com.unity.modules.unitywebrequest)
    com.unity.modules.unitywebrequestassetbundle@1.0.0 (location: C:\Users\Brewh\source\repos\DesignWeek-2026-Fall-Team18\Library\PackageCache\com.unity.modules.unitywebrequestassetbundle)
    com.unity.modules.unitywebrequestaudio@1.0.0 (location: C:\Users\Brewh\source\repos\DesignWeek-2026-Fall-Team18\Library\PackageCache\com.unity.modules.unitywebrequestaudio)
    com.unity.modules.unitywebrequesttexture@1.0.0 (location: C:\Users\Brewh\source\repos\DesignWeek-2026-Fall-Team18\Library\PackageCache\com.unity.modules.unitywebrequesttexture)
    com.unity.modules.unitywebrequestwww@1.0.0 (location: C:\Users\Brewh\source\repos\DesignWeek-2026-Fall-Team18\Library\PackageCache\com.unity.modules.unitywebrequestwww)
    com.unity.modules.vectorgraphics@1.0.0 (location: C:\Users\Brewh\source\repos\DesignWeek-2026-Fall-Team18\Library\PackageCache\com.unity.modules.vectorgraphics)
    com.unity.modules.vehicles@1.0.0 (location: C:\Users\Brewh\source\repos\DesignWeek-2026-Fall-Team18\Library\PackageCache\com.unity.modules.vehicles)
    com.unity.modules.video@1.0.0 (location: C:\Users\Brewh\source\repos\DesignWeek-2026-Fall-Team18\Library\PackageCache\com.unity.modules.video)
    com.unity.modules.wind@1.0.0 (location: C:\Users\Brewh\source\repos\DesignWeek-2026-Fall-Team18\Library\PackageCache\com.unity.modules.wind)
    com.unity.modules.xr@1.0.0 (location: C:\Users\Brewh\source\repos\DesignWeek-2026-Fall-Team18\Library\PackageCache\com.unity.modules.xr)
    com.unity.modules.subsystems@1.0.0 (location: C:\Users\Brewh\source\repos\DesignWeek-2026-Fall-Team18\Library\PackageCache\com.unity.modules.subsystems)
    com.unity.modules.hierarchycore@1.0.0 (location: C:\Users\Brewh\source\repos\DesignWeek-2026-Fall-Team18\Library\PackageCache\com.unity.modules.hierarchycore)
    com.unity.test-framework@1.8.0 (location: C:\Users\Brewh\source\repos\DesignWeek-2026-Fall-Team18\Library\PackageCache\com.unity.test-framework@7a3849e09bd0)
    com.unity.ext.nunit@2.1.0 (location: C:\Users\Brewh\source\repos\DesignWeek-2026-Fall-Team18\Library\PackageCache\com.unity.ext.nunit@0198eae3b53e)
[Subsystems] No new subsystems found in resolved package list.
[Package Manager] Done registering packages in 0.02 seconds
Starting: C:\Program Files\Unity\Hub\Editor\6000.6.2f1\Editor\Data\Tools\BuildPipeline\bee_backend.exe --ipc --defer-dag-verification --dagfile="Library/Bee/1900b0aE.dag" --continue-on-failure --profile="Library/Bee/backend1.traceevents" ScriptAssemblies
WorkingDir: C:/Users/Brewh/source/repos/DesignWeek-2026-Fall-Team18
ExitCode: 0 Duration: 0s320ms
[193/200    0s] ILPP-Configuration Library/ilpp-configuration.nevergeneratedoutput
*** Tundra build success (0.25 seconds), 1 items updated, 200 evaluated
Total cache size 1396880
AssetDatabase: script compilation time: 1.003021s
Total cache size after purge 1396880, took 00:00:00.0211238
Begin MonoManager ReloadAssembly
Native extension for WindowsStandalone target not found
Native extension for WebGL target not found
ScheduleIndexationOnStartup MainProcess:True IndexOnStartup:True
Scripting: successfully reloaded assembly
- Finished resetting the current domain, in  1.006 seconds
Domain Reload Profiling: 1960ms
	BeginReloadAssembly (422ms)
		DisableScriptedObjects (46ms)
		CreateAndSetChildDomain (72ms)
	RebuildCommonClasses (17ms)
	RebuildNativeTypeToScriptingClass (28ms)
	initialDomainReloadingComplete (85ms)
	LoadAllAssembliesAndSetupDomain (400ms)
		LoadAssemblies (356ms)
		TypeCache.Refresh (27ms)
			TypeCache.ScanAssembly (18ms)
		AnalyzeDomain (13ms)
			BuildScriptInfoCaches (11ms)
	FinalizeReload (1008ms)
		SetupLoadedEditorAssemblies (0ms)
			InitializePlatformSupportModulesInManaged (4ms)
			BeforeProcessingInitializeOnLoad (204ms)
			ProcessInitializeOnLoadAttributes (249ms)
			ProcessInitializeOnLoadMethodAttributes (97ms)
			AfterProcessingInitializeOnLoad (16ms)
		AwakeInstancesAfterBackupRestoration (51ms)
Starting new worker id: 0 with log in C:/Users/Brewh/source/repos/DesignWeek-2026-Fall-Team18/Logs/AssetImportWorkerHW0.log

Asset Pipeline Refresh (id=d3510f2215a3f564384c4f85c80d18e5): Total: 3.400 seconds - Initiated by InitialRefreshV2(ForceSynchronousImport)
	(Values over 0.05ms)
	Summary:
		Imports: total=0 (actual=0, local cache=0, cache server=0)
		Asset DB Process Time: managed=0 ms, native=1302 ms
		Asset DB Callback time: managed=45 ms, native=25 ms
		Scripting: domain reloads=1, domain reload time=1000 ms, compile time=1007 ms, other=18 ms
		Project Asset Count: scripts=169, non-scripts=61
		Asset File Changes: new=0, changed=0, moved=0, deleted=0
		Scan Filter Count: 0
	InvokePackagesCallback: 28.171ms
	ApplyChangesToAssetFolders: 0.840ms
	Scan: 89.218ms
	Collect global state as custom dependencies: 18.086ms
	CategorizeScriptCompilationAssets: 8.905ms
	ProcessAssetsWithTransientArtifactChanges: 12.047ms
	CategorizeAssets: 2.859ms
	CompileScripts: 1007.458ms
	ImportOutOfDateAssets: 1033.814ms (1009.320ms without children)
		UnloadImportedAssets: 0.168ms
		EnsureUptoDateAssetsAreRegisteredWithGuidPM: 0.082ms
		ImportSchedulerStart: 24.241ms
	PostProcessAllAssets: 45.946ms
		MonoPostProcessAllAssets: 45.862ms
			WindowAssetPostprocessingWatcher.OnPostprocessAllAssets 17.923ms
			SyncVS.PostprocessSyncProject 6.811ms
			EditModeScopePostprocessor.OnPostprocessAllAssets 1.557ms
			SpeedTree9Postprocessor.OnPostprocessAllAssets 1.321ms
			ReferencedClipsPostProcessor.OnPostprocessAllAssets 0.471ms
			TerrainToolbarOverlayPostProcessor.OnPostprocessAllAssets 0.366ms
			AssetDatabaseCallbacks.OnPostprocessAllAssets 0.294ms
			RenderPipelineGlobalSettingsPostprocessor.OnPostprocessAllAssets 0.141ms
	UnloadStreamsBegin: 1.795ms
	Untracked: 1094.408ms

Application.AssetDatabase Initial Refresh End
Launched and connected shader compiler UnityShaderCompiler.exe after 0.03 seconds
Scanning for USB devices : 3.012ms
Initializing Unity extensions:
[MODES] ModeService[none].Initialize
[MODES] ModeService[none].LoadModes
[MODES] Loading mode Default (0) for mode-current-id-DesignWeek-2026-Fall-Team18
Unloading 3 Unused Serialized files (Serialized files now loaded: 0)
Unloading 497 unused Assets / (0.6 MB). Loaded Objects now: 1235.
Memory consumption went from 243.2 MB to 242.6 MB.
Total: 11.902800 ms (FindLiveObjects: 0.295900 ms CreateObjectMapping: 0.027700 ms MarkObjects: 10.709100 ms  DeleteObjects: 0.619600 ms)

[LAYOUT] About to load UserSettings\Layouts\default-6000.dwlt, keepMainWindow=False
[LAYOUT] About to save layout C:\Users\Brewh\source\repos\DesignWeek-2026-Fall-Team18\UserSettings\Layouts\default-6000.dwlt
[LAYOUT] About to save layout C:/Users/Brewh/AppData/Roaming/Unity/Editor-5.x/Preferences\Layouts\current\default-6000.dwlt
[MODES] ModeService[default].InitializeCurrentMode
[MODES] ModeService[default].RaiseModeChanged(default, default)
This project uses Input Manager, which is marked for deprecation. To manage input in your project, use the <a href="https://docs.unity3d.com/Packages/com.unity.inputsystem@latest">Input System package</a> instead.
<RI> Initializing input.
XInput1_3.dll not found. Trying XInput9_1_0.dll instead...
<RI> Input initialized.
[Project] Loading completed in 10.585 seconds
	Project init time: 				7.836 seconds
		Template init time: 		0.000 seconds
		Package Manager init time: 		0.453 seconds
		Asset Database init time: 		0.332 seconds
		Global illumination init time: 	0.004 seconds
		Assemblies load time: 			2.471 seconds
		Unity extensions init time: 	0.004 seconds
		Asset Database refresh time: 	3.400 seconds
	Scene opening time: 			2.309 seconds
##utp:{"type":"ProjectInfo","version":2,"phase":"Immediate","time":1791228007370,"processId":51976,"projectLoad":10.585138899999999,"projectInit":7.8361169,"templateInit":0.0,"packageManagerInit":0.4529666,"assetDatabaseInit":0.3321444,"globalIlluminationInit":0.004085,"assembliesLoad":2.4705103,"unityExtensionsInit":0.0042265,"assetDatabaseRefresh":3.4000658,"sceneOpening":2.3087215}
##utp:{"type":"EditorInfo","version":2,"phase":"Immediate","time":1791228007370,"processId":51976,"editorVersion":"6000.6.2f1 (770e33f6875c)","branch":"6000.6/staging","buildType":"Release","platform":"Windows"}
Asset Pipeline Refresh (id=dbb9343b02272924fa81f639ee852c5b): Total: 0.063 seconds - Initiated by RefreshV2(AllowForceSynchronousImport)
Worker ready: AssetImportWorkerHW0 0
Start Indexing on Editor startup
[Indexing] Starting Initial Indexing for Assets
Created GICache directory at C:/Users/Brewh/AppData/LocalLow/Unity/Caches/GiCache. Took: 0.022s, timestamps: [12.510 - 12.532]
[Licensing::Client] Successfully resolved entitlement details
[Licensing::Client] Successfully updated the access token
[Licensing::Module] Successfully updated access token: "AddApjQS"... (expires: 2026-10-05T19:46:55Z)
[Licensing::Client] Successfully resolved entitlement details
[Licensing::Client] Successfully resolved entitlement details
TrimDiskCacheJob: Current cache size 0mb
Asset Pipeline Refresh (id=81a466ded90f52c459d8064b1ebe8d38): Total: 0.008 seconds - Initiated by RefreshV2(AllowForceSynchronousImport)
MonoPathRemapper: Attempts to remap: 3632; Successful remaps: 1170
Serialized file version minimum: 23, current 23
[LAYOUT] About to save layout C:\Users\Brewh\source\repos\DesignWeek-2026-Fall-Team18\UserSettings\Layouts\default-6000.dwlt
[LAYOUT] About to save layout C:/Users/Brewh/AppData/Roaming/Unity/Editor-5.x/Preferences\Layouts\current\default-6000.dwlt
[Physics::Module] Cleanup current backend.
[Physics::Module] Id: 0xf2b8ea05
Input System module state changed to: ShutdownInProgress.
Input Polling Thread exited.
Input System module state changed to: Shutdown.
[Licensing::IpcConnector] LicenseClient-Brewh-notifications channel disconnected successfully.
[Licensing::IpcConnector] LicenseClient-Brewh channel disconnected successfully.
Lingering sessions upon destruction of worker manager
Unity Data Store service was successfully shut down
UDS shutting down local client system
Shut down UDS service system complete
AcceleratorClientConnectionCallback - disconnected - :0
Cleanup mono
CodeReloadManager destroyed
abort_threads: Failed aborting id: 000000000000CBF8, mono_thread_manage will ignore it

abort_threads: Failed aborting id: 0000000000007C80, mono_thread_manage will ignore it

abort_threads: Failed aborting id: 000000000000CBF8, mono_thread_manage will ignore it

abort_threads: Failed aborting id: 0000000000007C80, mono_thread_manage will ignore it

debugger-agent: Unable to listen on 4668
Checking for leaked weakptr:
  Found no leaked weakptrs.
[Package Manager] Server process was shutdown
##utp:{"type":"MemoryLeaks","version":2,"phase":"Immediate","time":1791228070063,"processId":51976,"allocatedMemory":11412493,"memoryLabels":[{"Default":169929},{"Permanent":15516},{"NewDelete":71089},{"Thread":4205600},{"Manager":33792},{"VertexData":8},{"Geometry":816},{"Texture":24},{"Shader":849133},{"Material":68},{"GfxDevice":62712},{"Animation":952},{"Audio":984},{"FreeType":8},{"FontEngine":736},{"Physics":1970},{"Physics2D":16},{"Serialization":131640},{"Input":42840},{"JobScheduler":256},{"TextLib":23254},{"Mono":48},{"ScriptingNativeRuntime":1210712},{"BaseObject":49584},{"Resource":1252},{"Renderer":2376},{"Transform":4685},{"File":16352},{"WebCam":616},{"Culling":32},{"Terrain":11442},{"Wind":24},{"STL":40},{"String":434821},{"StaticString":3808},{"Utility":2674988},{"Curl":48},{"PoolAlloc":2168},{"AI":80},{"TypeTree":17165},{"ScriptManager":12656},{"CodeReload":448},{"RuntimeInitializeOnLoadManager":64},{"Sprites":102},{"SpriteAtlas":120},{"GI":7816},{"Director":8296},{"CloudService":7584},{"WebRequest":13030},{"VR":49650},{"SceneManager":608},{"Video":208},{"LazyScriptCache":32},{"Camera":2033},{"Secure":265},{"SerializationCache":9256},{"APIUpdating":10320},{"Subsystems":336},{"VirtualTexturing":57888},{"StaticSafetyDebugInfo":278528},{"Analytics":768},{"Hierarchy":1188},{"UIElements":40},{"CoreStats":14456},{"Identifiers":7152},{"Gui":267644},{"EditorUtility":140073},{"VersionControl":8},{"Undo":931},{"AssetDatabase":413065},{"AssetImporter":40},{"EditorGi":328},{"UnityConnect":36881},{"Upm":1988},{"UpmDiagnostics":8},{"AssetCompliance":96},{"DrivenProperties":72},{"LocalIPC":260},{"ProfilerEditor":9746},{"CoreBusinessMetrics":3600},{"Windowing":456},{"Licensing":12805},{"AssetReference":32},{"IPCStream":32}]}
